exports[`test Test snapshot 1`] = `
Array [
  "javascript",
  "react",
  "node",
]
`;
